// Jest Snapshot v1, https://goo.gl/fbAQLP

exports[`formatService: Testing the formatService module. formatService.format: Correctly serializes object with no provided options. 1`] = `"{\\"version\\":\\"1.0.0\\",\\"uptime\\":\\"1337\\",\\"status\\":\\"ok\\"}"`;

exports[`formatService: Testing the formatService module. formatService.format: Correctly serializes object with no provided shape function. 1`] = `
"version: 1.0.0
uptime: \\"1337\\"
status: ok
"
`;
